2026-05-16T11:00:30 ALLOW actor=leader action=fleet_dispatch_tick target=- reason=ok
2026-05-16T11:00:30 ALLOW actor=leader action=delegate_task target=task-0 Parts->Assembly -> W1 reason=ok
2026-05-16T11:00:30 ALLOW actor=leader action=delegate_task target=task-1 Assembly->QA -> W4 reason=ok
2026-05-16T11:00:30 ALLOW actor=leader action=delegate_task target=task-2 QA->Shipping -> W3 reason=ok
2026-05-16T11:00:30 ALLOW actor=leader action=delegate_task target=task-3 Shipping->Parts -> W2 reason=ok
2026-05-16T11:00:34 ALLOW actor=leader action=fleet_dispatch_tick target=- reason=ok
2026-05-16T11:00:34 ALLOW actor=leader action=delegate_task target=task-4 Parts->Assembly -> W1 reason=ok
2026-05-16T11:00:34 ALLOW actor=leader action=fleet_dispatch_tick target=- reason=ok
2026-05-16T11:00:34 ALLOW actor=leader action=delegate_task target=task-5 Assembly->QA -> W4 reason=ok
2026-05-16T11:00:34 ALLOW actor=leader action=fleet_dispatch_tick target=- reason=ok
2026-05-16T11:00:34 ALLOW actor=leader action=delegate_task target=task-6 QA->Shipping -> W2 reason=ok
2026-05-16T11:00:34 ALLOW actor=leader action=fleet_dispatch_tick target=- reason=ok
2026-05-16T11:00:34 ALLOW actor=leader action=delegate_task target=task-7 Shipping->Parts -> W3 reason=ok
2026-05-16T11:00:38 ALLOW actor=leader action=fleet_dispatch_tick target=- reason=ok
2026-05-16T11:00:38 ALLOW actor=leader action=delegate_task target=task-8 Parts->Assembly -> W1 reason=ok
2026-05-16T11:00:38 ALLOW actor=leader action=fleet_dispatch_tick target=- reason=ok
2026-05-16T11:00:38 ALLOW actor=leader action=delegate_task target=task-9 Assembly->QA -> W4 reason=ok
2026-05-16T11:00:42 ALLOW actor=leader action=fleet_dispatch_tick target=- reason=ok
2026-05-16T11:00:42 ALLOW actor=leader action=delegate_task target=task-10 QA->Shipping -> W1 reason=ok
2026-05-16T11:00:42 ALLOW actor=leader action=fleet_dispatch_tick target=- reason=ok
2026-05-16T11:00:42 ALLOW actor=leader action=delegate_task target=task-11 Shipping->Parts -> W4 reason=ok
2026-05-16T11:01:03 ALLOW actor=leader action=delegate_task target=- reason=ok
2026-05-16T11:01:03 DENY  actor=leader action=exec_shell target=- reason=action 'exec_shell' explicitly denied for 'leader'
2026-05-16T11:01:03 DENY  actor=worker action=delegate_task target=- reason=action 'delegate_task' explicitly denied for 'worker'
2026-05-16T11:01:03 ALLOW actor=system action=net_connect target=127.0.0.1:8000 reason=host '127.0.0.1:8000' in network allow
2026-05-16T11:01:03 ALLOW actor=system action=net_connect target=localhost:8001 reason=host 'localhost:8001' in network allow
2026-05-16T11:01:03 DENY  actor=system action=net_connect target=build.nvidia.com:443 reason=host 'build.nvidia.com:443' blocked by deny list
2026-05-16T11:01:03 ALLOW actor=leader action=fleet_dispatch_tick target=- reason=ok
2026-05-16T11:01:03 ALLOW actor=leader action=delegate_task target=task-0 Parts->Assembly -> W1 reason=ok
2026-05-16T11:01:03 ALLOW actor=leader action=delegate_task target=task-1 Assembly->QA -> W4 reason=ok
2026-05-16T11:01:03 ALLOW actor=leader action=delegate_task target=task-2 QA->Shipping -> W2 reason=ok
2026-05-16T11:01:03 ALLOW actor=leader action=delegate_task target=task-3 Shipping->Parts -> W3 reason=ok
2026-05-16T11:01:03 ALLOW actor=leader action=fleet_dispatch_tick target=- reason=ok
2026-05-16T11:01:03 ALLOW actor=leader action=delegate_task target=task-0 Parts->Assembly -> W1 reason=ok
2026-05-16T11:01:03 ALLOW actor=leader action=delegate_task target=task-1 Parts->Assembly -> W3 reason=ok
2026-05-16T11:01:04 ALLOW actor=leader action=delegate_task target=task-2 Parts->Assembly -> W4 reason=ok
2026-05-16T11:01:04 ALLOW actor=leader action=delegate_task target=task-3 Parts->Assembly -> W2 reason=ok
2026-05-16T11:01:04 ALLOW actor=leader action=fleet_dispatch_tick target=- reason=ok
2026-05-16T11:01:04 ALLOW actor=leader action=delegate_task target=task-0 Parts->Assembly -> W1 reason=ok
2026-05-16T11:01:04 ALLOW actor=leader action=delegate_task target=task-1 Assembly->QA -> W4 reason=ok
2026-05-16T11:01:04 ALLOW actor=leader action=delegate_task target=task-2 QA->Shipping -> W3 reason=ok
2026-05-16T11:01:04 ALLOW actor=leader action=delegate_task target=task-3 Shipping->Parts -> W2 reason=ok
2026-05-16T11:01:04 ALLOW actor=leader action=fleet_dispatch_tick target=- reason=ok
2026-05-16T11:01:04 ALLOW actor=leader action=delegate_task target=task-4 Parts->Assembly -> W1 reason=ok
2026-05-16T11:01:04 ALLOW actor=leader action=fleet_dispatch_tick target=- reason=ok
2026-05-16T11:01:04 ALLOW actor=leader action=delegate_task target=task-5 Assembly->QA -> W4 reason=ok
2026-05-16T11:01:04 ALLOW actor=leader action=fleet_dispatch_tick target=- reason=ok
2026-05-16T11:01:04 ALLOW actor=leader action=delegate_task target=task-6 QA->Shipping -> W2 reason=ok
2026-05-16T11:01:04 ALLOW actor=leader action=fleet_dispatch_tick target=- reason=ok
2026-05-16T11:01:04 ALLOW actor=leader action=delegate_task target=task-7 Shipping->Parts -> W3 reason=ok
2026-05-16T11:01:04 ALLOW actor=leader action=fleet_dispatch_tick target=- reason=ok
2026-05-16T11:01:04 ALLOW actor=leader action=delegate_task target=task-8 Parts->Assembly -> W1 reason=ok
2026-05-16T11:01:04 ALLOW actor=leader action=fleet_dispatch_tick target=- reason=ok
2026-05-16T11:01:04 ALLOW actor=leader action=delegate_task target=task-9 Assembly->QA -> W4 reason=ok
2026-05-16T11:01:04 ALLOW actor=leader action=fleet_dispatch_tick target=- reason=ok
2026-05-16T11:01:04 ALLOW actor=leader action=delegate_task target=task-10 QA->Shipping -> W1 reason=ok
2026-05-16T11:01:04 ALLOW actor=leader action=fleet_dispatch_tick target=- reason=ok
2026-05-16T11:01:04 ALLOW actor=leader action=delegate_task target=task-11 Shipping->Parts -> W4 reason=ok
2026-05-16T11:01:05 ALLOW actor=leader action=delegate_task target=- reason=ok
2026-05-16T11:01:05 DENY  actor=worker action=delegate_task target=- reason=action 'delegate_task' explicitly denied for 'worker'
2026-05-16T11:01:05 DENY  actor=system action=net_connect target=integrate.api.nvidia.com:443 reason=host 'integrate.api.nvidia.com:443' blocked by deny list
2026-05-16T11:01:05 ALLOW actor=system action=net_connect target=127.0.0.1:8000 reason=host '127.0.0.1:8000' in network allow
2026-05-16T11:05:11 ALLOW actor=leader action=delegate_task target=- reason=ok
2026-05-16T11:05:11 DENY  actor=leader action=exec_shell target=- reason=action 'exec_shell' explicitly denied for 'leader'
2026-05-16T11:05:11 DENY  actor=worker action=delegate_task target=- reason=action 'delegate_task' explicitly denied for 'worker'
2026-05-16T11:05:11 ALLOW actor=system action=net_connect target=127.0.0.1:8000 reason=host '127.0.0.1:8000' in network allow
2026-05-16T11:05:11 ALLOW actor=system action=net_connect target=localhost:8001 reason=host 'localhost:8001' in network allow
2026-05-16T11:05:11 DENY  actor=system action=net_connect target=build.nvidia.com:443 reason=host 'build.nvidia.com:443' blocked by deny list
2026-05-16T11:05:11 ALLOW actor=leader action=fleet_dispatch_tick target=- reason=ok
2026-05-16T11:05:11 ALLOW actor=leader action=delegate_task target=task-0 Parts->Assembly -> W1 reason=ok
2026-05-16T11:05:11 ALLOW actor=leader action=delegate_task target=task-1 Assembly->QA -> W4 reason=ok
2026-05-16T11:05:11 ALLOW actor=leader action=delegate_task target=task-2 QA->Shipping -> W2 reason=ok
2026-05-16T11:05:11 ALLOW actor=leader action=delegate_task target=task-3 Shipping->Parts -> W3 reason=ok
2026-05-16T11:05:11 ALLOW actor=leader action=fleet_dispatch_tick target=- reason=ok
2026-05-16T11:05:11 ALLOW actor=leader action=delegate_task target=task-0 Parts->Assembly -> W1 reason=ok
2026-05-16T11:05:11 ALLOW actor=leader action=delegate_task target=task-1 Parts->Assembly -> W4 reason=ok
2026-05-16T11:05:11 ALLOW actor=leader action=delegate_task target=task-2 Parts->Assembly -> W3 reason=ok
2026-05-16T11:05:11 ALLOW actor=leader action=delegate_task target=task-3 Parts->Assembly -> W2 reason=ok
2026-05-16T11:05:12 ALLOW actor=leader action=fleet_dispatch_tick target=- reason=ok
2026-05-16T11:05:12 ALLOW actor=leader action=delegate_task target=task-0 Parts->Assembly -> W1 reason=ok
2026-05-16T11:05:12 ALLOW actor=leader action=delegate_task target=task-1 Assembly->QA -> W4 reason=ok
2026-05-16T11:05:12 ALLOW actor=leader action=delegate_task target=task-2 QA->Shipping -> W3 reason=ok
2026-05-16T11:05:12 ALLOW actor=leader action=delegate_task target=task-3 Shipping->Parts -> W2 reason=ok
2026-05-16T11:05:12 ALLOW actor=leader action=fleet_dispatch_tick target=- reason=ok
2026-05-16T11:05:12 ALLOW actor=leader action=delegate_task target=task-4 Parts->Assembly -> W1 reason=ok
2026-05-16T11:05:12 ALLOW actor=leader action=fleet_dispatch_tick target=- reason=ok
2026-05-16T11:05:12 ALLOW actor=leader action=delegate_task target=task-5 Assembly->QA -> W4 reason=ok
2026-05-16T11:05:12 ALLOW actor=leader action=fleet_dispatch_tick target=- reason=ok
2026-05-16T11:05:12 ALLOW actor=leader action=delegate_task target=task-6 QA->Shipping -> W2 reason=ok
2026-05-16T11:05:12 ALLOW actor=leader action=fleet_dispatch_tick target=- reason=ok
2026-05-16T11:05:12 ALLOW actor=leader action=delegate_task target=task-7 Shipping->Parts -> W3 reason=ok
2026-05-16T11:05:12 ALLOW actor=leader action=fleet_dispatch_tick target=- reason=ok
2026-05-16T11:05:12 ALLOW actor=leader action=delegate_task target=task-8 Parts->Assembly -> W1 reason=ok
2026-05-16T11:05:12 ALLOW actor=leader action=fleet_dispatch_tick target=- reason=ok
2026-05-16T11:05:12 ALLOW actor=leader action=delegate_task target=task-9 Assembly->QA -> W4 reason=ok
2026-05-16T11:05:12 ALLOW actor=leader action=fleet_dispatch_tick target=- reason=ok
2026-05-16T11:05:12 ALLOW actor=leader action=delegate_task target=task-10 QA->Shipping -> W1 reason=ok
2026-05-16T11:05:12 ALLOW actor=leader action=fleet_dispatch_tick target=- reason=ok
2026-05-16T11:05:12 ALLOW actor=leader action=delegate_task target=task-11 Shipping->Parts -> W4 reason=ok
2026-05-16T11:05:12 ALLOW actor=leader action=fleet_dispatch_tick target=- reason=ok
2026-05-16T11:05:12 ALLOW actor=leader action=delegate_task target=task-0 Parts->Assembly -> W1 reason=ok
2026-05-16T11:05:12 ALLOW actor=leader action=delegate_task target=task-1 Assembly->QA -> W4 reason=ok
2026-05-16T11:05:12 ALLOW actor=leader action=delegate_task target=task-2 QA->Shipping -> W2 reason=ok
2026-05-16T11:05:12 ALLOW actor=leader action=delegate_task target=task-3 Shipping->Parts -> W3 reason=ok
2026-05-16T11:05:12 ALLOW actor=leader action=fleet_dispatch_tick target=- reason=ok
2026-05-16T11:05:12 ALLOW actor=leader action=delegate_task target=task-4 Parts->Assembly -> W1 reason=ok
2026-05-16T11:05:12 ALLOW actor=leader action=fleet_dispatch_tick target=- reason=ok
2026-05-16T11:05:12 ALLOW actor=leader action=delegate_task target=task-5 Assembly->QA -> W4 reason=ok
2026-05-16T11:05:12 ALLOW actor=leader action=fleet_dispatch_tick target=- reason=ok
2026-05-16T11:05:12 ALLOW actor=leader action=delegate_task target=task-0 Parts->Assembly -> W1 reason=ok
2026-05-16T11:05:12 ALLOW actor=leader action=delegate_task target=task-1 Assembly->QA -> W4 reason=ok
2026-05-16T11:05:12 ALLOW actor=leader action=delegate_task target=task-2 QA->Shipping -> W2 reason=ok
2026-05-16T11:05:12 ALLOW actor=leader action=delegate_task target=task-3 Shipping->Parts -> W3 reason=ok
2026-05-16T11:05:18 ALLOW actor=leader action=fleet_dispatch_tick target=- reason=ok
2026-05-16T11:05:18 ALLOW actor=leader action=delegate_task target=task-0 Parts->Assembly -> W1 reason=ok
2026-05-16T11:05:18 ALLOW actor=leader action=delegate_task target=task-1 Assembly->QA -> W4 reason=ok
2026-05-16T11:05:18 ALLOW actor=leader action=delegate_task target=task-2 QA->Shipping -> W2 reason=ok
2026-05-16T11:05:18 ALLOW actor=leader action=delegate_task target=task-3 Shipping->Parts -> W3 reason=ok
2026-05-16T11:05:18 ALLOW actor=leader action=fleet_dispatch_tick target=- reason=ok
2026-05-16T11:05:18 ALLOW actor=leader action=delegate_task target=task-4 Parts->Assembly -> W1 reason=ok
2026-05-16T11:05:18 ALLOW actor=leader action=fleet_dispatch_tick target=- reason=ok
2026-05-16T11:05:18 ALLOW actor=leader action=delegate_task target=task-5 Assembly->QA -> W4 reason=ok
2026-05-16T11:05:18 ALLOW actor=leader action=fleet_dispatch_tick target=- reason=ok
2026-05-16T11:05:18 ALLOW actor=leader action=delegate_task target=task-6 QA->Shipping -> W3 reason=ok
2026-05-16T11:05:18 ALLOW actor=leader action=fleet_dispatch_tick target=- reason=ok
2026-05-16T11:05:18 ALLOW actor=leader action=delegate_task target=task-7 Shipping->Parts -> W2 reason=ok
2026-05-16T11:05:18 ALLOW actor=leader action=fleet_dispatch_tick target=- reason=ok
2026-05-16T11:05:18 ALLOW actor=leader action=delegate_task target=task-8 Parts->Assembly -> W1 reason=ok
2026-05-16T11:05:18 ALLOW actor=leader action=fleet_dispatch_tick target=- reason=ok
2026-05-16T11:05:18 ALLOW actor=leader action=delegate_task target=task-9 Assembly->QA -> W4 reason=ok
2026-05-16T11:05:18 ALLOW actor=leader action=fleet_dispatch_tick target=- reason=ok
2026-05-16T11:05:18 ALLOW actor=leader action=delegate_task target=task-10 QA->Shipping -> W1 reason=ok
2026-05-16T11:05:18 ALLOW actor=leader action=fleet_dispatch_tick target=- reason=ok
2026-05-16T11:05:18 ALLOW actor=leader action=delegate_task target=task-11 Shipping->Parts -> W4 reason=ok
2026-05-16T11:05:19 ALLOW actor=leader action=fleet_dispatch_tick target=- reason=ok
2026-05-16T11:05:19 ALLOW actor=leader action=delegate_task target=task-0 Parts->Assembly -> W1 reason=ok
2026-05-16T11:05:19 ALLOW actor=leader action=delegate_task target=task-1 Assembly->QA -> W4 reason=ok
2026-05-16T11:05:19 ALLOW actor=leader action=delegate_task target=task-2 QA->Shipping -> W3 reason=ok
2026-05-16T11:05:19 ALLOW actor=leader action=delegate_task target=task-3 Shipping->Parts -> W2 reason=ok
2026-05-16T11:05:19 ALLOW actor=leader action=fleet_dispatch_tick target=- reason=ok
2026-05-16T11:05:19 ALLOW actor=leader action=delegate_task target=task-4 Parts->Assembly -> W1 reason=ok
2026-05-16T11:05:19 ALLOW actor=leader action=fleet_dispatch_tick target=- reason=ok
2026-05-16T11:05:19 ALLOW actor=leader action=delegate_task target=task-5 Assembly->QA -> W4 reason=ok
2026-05-16T11:05:19 ALLOW actor=leader action=fleet_dispatch_tick target=- reason=ok
2026-05-16T11:05:19 ALLOW actor=leader action=delegate_task target=task-6 QA->Shipping -> W2 reason=ok
2026-05-16T11:05:19 ALLOW actor=leader action=fleet_dispatch_tick target=- reason=ok
2026-05-16T11:05:19 ALLOW actor=leader action=delegate_task target=task-7 Shipping->Parts -> W3 reason=ok
2026-05-16T11:05:19 ALLOW actor=leader action=fleet_dispatch_tick target=- reason=ok
2026-05-16T11:05:19 ALLOW actor=leader action=delegate_task target=task-8 Parts->Assembly -> W1 reason=ok
2026-05-16T11:05:19 ALLOW actor=leader action=fleet_dispatch_tick target=- reason=ok
2026-05-16T11:05:19 ALLOW actor=leader action=delegate_task target=task-9 Assembly->QA -> W4 reason=ok
2026-05-16T11:05:19 ALLOW actor=leader action=fleet_dispatch_tick target=- reason=ok
2026-05-16T11:05:19 ALLOW actor=leader action=delegate_task target=task-10 QA->Shipping -> W1 reason=ok
2026-05-16T11:05:19 ALLOW actor=leader action=fleet_dispatch_tick target=- reason=ok
2026-05-16T11:05:19 ALLOW actor=leader action=delegate_task target=task-11 Shipping->Parts -> W4 reason=ok
2026-05-16T11:05:19 ALLOW actor=leader action=fleet_dispatch_tick target=- reason=ok
2026-05-16T11:05:19 ALLOW actor=leader action=delegate_task target=task-0 Parts->Assembly -> W1 reason=ok
2026-05-16T11:05:19 ALLOW actor=leader action=delegate_task target=task-1 Assembly->QA -> W4 reason=ok
2026-05-16T11:05:19 ALLOW actor=leader action=delegate_task target=task-2 QA->Shipping -> W2 reason=ok
2026-05-16T11:05:19 ALLOW actor=leader action=delegate_task target=task-3 Shipping->Parts -> W3 reason=ok
2026-05-16T11:05:19 ALLOW actor=leader action=fleet_dispatch_tick target=- reason=ok
2026-05-16T11:05:19 ALLOW actor=leader action=delegate_task target=task-4 Parts->Assembly -> W1 reason=ok
2026-05-16T11:05:19 ALLOW actor=leader action=fleet_dispatch_tick target=- reason=ok
2026-05-16T11:05:19 ALLOW actor=leader action=delegate_task target=task-5 Assembly->QA -> W4 reason=ok
2026-05-16T11:05:19 ALLOW actor=leader action=fleet_dispatch_tick target=- reason=ok
2026-05-16T11:05:19 ALLOW actor=leader action=delegate_task target=task-6 QA->Shipping -> W3 reason=ok
2026-05-16T11:05:19 ALLOW actor=leader action=fleet_dispatch_tick target=- reason=ok
2026-05-16T11:05:19 ALLOW actor=leader action=delegate_task target=task-7 Shipping->Parts -> W2 reason=ok
2026-05-16T11:05:19 ALLOW actor=leader action=fleet_dispatch_tick target=- reason=ok
2026-05-16T11:05:19 ALLOW actor=leader action=delegate_task target=task-8 Parts->Assembly -> W1 reason=ok
2026-05-16T11:05:19 ALLOW actor=leader action=fleet_dispatch_tick target=- reason=ok
2026-05-16T11:05:19 ALLOW actor=leader action=delegate_task target=task-9 Assembly->QA -> W4 reason=ok
2026-05-16T11:05:19 ALLOW actor=leader action=fleet_dispatch_tick target=- reason=ok
2026-05-16T11:05:19 ALLOW actor=leader action=delegate_task target=task-10 QA->Shipping -> W1 reason=ok
2026-05-16T11:05:19 ALLOW actor=leader action=fleet_dispatch_tick target=- reason=ok
2026-05-16T11:05:19 ALLOW actor=leader action=delegate_task target=task-11 Shipping->Parts -> W4 reason=ok
2026-05-16T11:05:19 ALLOW actor=leader action=fleet_dispatch_tick target=- reason=ok
2026-05-16T11:05:19 ALLOW actor=leader action=delegate_task target=task-0 Parts->Assembly -> W1 reason=ok
2026-05-16T11:05:19 ALLOW actor=leader action=delegate_task target=task-1 Assembly->QA -> W4 reason=ok
2026-05-16T11:05:20 ALLOW actor=leader action=delegate_task target=task-2 QA->Shipping -> W3 reason=ok
2026-05-16T11:05:20 ALLOW actor=leader action=delegate_task target=task-3 Shipping->Parts -> W2 reason=ok
2026-05-16T11:05:20 ALLOW actor=leader action=fleet_dispatch_tick target=- reason=ok
2026-05-16T11:05:20 ALLOW actor=leader action=delegate_task target=task-4 Parts->Assembly -> W1 reason=ok
2026-05-16T11:05:20 ALLOW actor=leader action=fleet_dispatch_tick target=- reason=ok
2026-05-16T11:05:20 ALLOW actor=leader action=delegate_task target=task-5 Assembly->QA -> W4 reason=ok
2026-05-16T11:05:20 ALLOW actor=leader action=fleet_dispatch_tick target=- reason=ok
2026-05-16T11:05:20 ALLOW actor=leader action=delegate_task target=task-6 QA->Shipping -> W2 reason=ok
2026-05-16T11:05:20 ALLOW actor=leader action=fleet_dispatch_tick target=- reason=ok
2026-05-16T11:05:20 ALLOW actor=leader action=delegate_task target=task-7 Shipping->Parts -> W3 reason=ok
2026-05-16T11:05:20 ALLOW actor=leader action=fleet_dispatch_tick target=- reason=ok
2026-05-16T11:05:20 ALLOW actor=leader action=delegate_task target=task-8 Parts->Assembly -> W1 reason=ok
2026-05-16T11:05:20 ALLOW actor=leader action=fleet_dispatch_tick target=- reason=ok
2026-05-16T11:05:20 ALLOW actor=leader action=delegate_task target=task-9 Assembly->QA -> W4 reason=ok
2026-05-16T11:05:20 ALLOW actor=leader action=fleet_dispatch_tick target=- reason=ok
2026-05-16T11:05:20 ALLOW actor=leader action=delegate_task target=task-10 QA->Shipping -> W1 reason=ok
2026-05-16T11:05:20 ALLOW actor=leader action=fleet_dispatch_tick target=- reason=ok
2026-05-16T11:05:20 ALLOW actor=leader action=delegate_task target=task-11 Shipping->Parts -> W4 reason=ok
2026-05-16T11:05:20 ALLOW actor=leader action=fleet_dispatch_tick target=- reason=ok
2026-05-16T11:05:20 ALLOW actor=leader action=delegate_task target=task-0 Parts->Assembly -> W1 reason=ok
2026-05-16T11:05:20 ALLOW actor=leader action=delegate_task target=task-1 Assembly->QA -> W4 reason=ok
2026-05-16T11:05:20 ALLOW actor=leader action=delegate_task target=task-2 QA->Shipping -> W2 reason=ok
2026-05-16T11:05:20 ALLOW actor=leader action=delegate_task target=task-3 Shipping->Parts -> W3 reason=ok
2026-05-16T11:05:20 ALLOW actor=leader action=fleet_dispatch_tick target=- reason=ok
2026-05-16T11:05:20 ALLOW actor=leader action=delegate_task target=task-4 Parts->Assembly -> W1 reason=ok
2026-05-16T11:05:20 ALLOW actor=leader action=fleet_dispatch_tick target=- reason=ok
2026-05-16T11:05:20 ALLOW actor=leader action=delegate_task target=task-5 Assembly->QA -> W4 reason=ok
2026-05-16T11:05:20 ALLOW actor=leader action=fleet_dispatch_tick target=- reason=ok
2026-05-16T11:05:20 ALLOW actor=leader action=delegate_task target=task-6 QA->Shipping -> W3 reason=ok
2026-05-16T11:05:20 ALLOW actor=leader action=fleet_dispatch_tick target=- reason=ok
2026-05-16T11:05:20 ALLOW actor=leader action=delegate_task target=task-7 Shipping->Parts -> W2 reason=ok
2026-05-16T11:05:20 ALLOW actor=leader action=fleet_dispatch_tick target=- reason=ok
2026-05-16T11:05:20 ALLOW actor=leader action=delegate_task target=task-8 Parts->Assembly -> W1 reason=ok
2026-05-16T11:05:20 ALLOW actor=leader action=fleet_dispatch_tick target=- reason=ok
2026-05-16T11:05:20 ALLOW actor=leader action=delegate_task target=task-9 Assembly->QA -> W4 reason=ok
2026-05-16T11:05:20 ALLOW actor=leader action=fleet_dispatch_tick target=- reason=ok
2026-05-16T11:05:20 ALLOW actor=leader action=delegate_task target=task-10 QA->Shipping -> W1 reason=ok
2026-05-16T11:05:20 ALLOW actor=leader action=fleet_dispatch_tick target=- reason=ok
2026-05-16T11:05:20 ALLOW actor=leader action=delegate_task target=task-11 Shipping->Parts -> W4 reason=ok
2026-05-16T11:05:23 ALLOW actor=leader action=net_connect target=localhost:8000 reason=host 'localhost:8000' in network allow
2026-05-16T11:05:23 ALLOW actor=leader action=fleet_dispatch_tick target=- reason=ok
2026-05-16T11:05:23 ALLOW actor=leader action=delegate_task target=task-0 Parts->Assembly -> W1 reason=ok
2026-05-16T11:05:23 ALLOW actor=leader action=delegate_task target=task-1 Assembly->QA -> W4 reason=ok
2026-05-16T11:05:23 ALLOW actor=leader action=delegate_task target=task-2 QA->Shipping -> W3 reason=ok
2026-05-16T11:05:23 ALLOW actor=leader action=delegate_task target=task-3 Shipping->Parts -> W2 reason=ok
2026-05-16T11:05:23 ALLOW actor=leader action=fleet_dispatch_tick target=- reason=ok
2026-05-16T11:05:23 ALLOW actor=leader action=delegate_task target=task-4 Parts->Assembly -> W1 reason=ok
2026-05-16T11:05:23 ALLOW actor=leader action=fleet_dispatch_tick target=- reason=ok
2026-05-16T11:05:23 ALLOW actor=leader action=delegate_task target=task-5 Assembly->QA -> W4 reason=ok
2026-05-16T11:05:23 ALLOW actor=leader action=fleet_dispatch_tick target=- reason=ok
2026-05-16T11:05:23 ALLOW actor=leader action=delegate_task target=task-6 QA->Shipping -> W2 reason=ok
2026-05-16T11:05:23 ALLOW actor=leader action=fleet_dispatch_tick target=- reason=ok
2026-05-16T11:05:23 ALLOW actor=leader action=delegate_task target=task-7 Shipping->Parts -> W3 reason=ok
2026-05-16T11:05:23 ALLOW actor=leader action=fleet_dispatch_tick target=- reason=ok
2026-05-16T11:05:23 ALLOW actor=leader action=delegate_task target=task-8 Parts->Assembly -> W1 reason=ok
2026-05-16T11:05:23 ALLOW actor=leader action=fleet_dispatch_tick target=- reason=ok
2026-05-16T11:05:23 ALLOW actor=leader action=delegate_task target=task-9 Assembly->QA -> W4 reason=ok
2026-05-16T11:05:23 ALLOW actor=leader action=fleet_dispatch_tick target=- reason=ok
2026-05-16T11:05:23 ALLOW actor=leader action=delegate_task target=task-10 QA->Shipping -> W1 reason=ok
2026-05-16T11:05:23 ALLOW actor=leader action=fleet_dispatch_tick target=- reason=ok
2026-05-16T11:05:23 ALLOW actor=leader action=delegate_task target=task-11 Shipping->Parts -> W4 reason=ok
2026-05-16T11:06:02 ALLOW actor=leader action=delegate_task target=- reason=ok
2026-05-16T11:06:02 DENY  actor=leader action=exec_shell target=- reason=action 'exec_shell' explicitly denied for 'leader'
2026-05-16T11:06:02 DENY  actor=worker action=delegate_task target=- reason=action 'delegate_task' explicitly denied for 'worker'
2026-05-16T11:06:02 ALLOW actor=system action=net_connect target=127.0.0.1:8000 reason=host '127.0.0.1:8000' in network allow
2026-05-16T11:06:02 ALLOW actor=system action=net_connect target=localhost:8001 reason=host 'localhost:8001' in network allow
2026-05-16T11:06:02 DENY  actor=system action=net_connect target=build.nvidia.com:443 reason=host 'build.nvidia.com:443' blocked by deny list
2026-05-16T11:06:02 ALLOW actor=leader action=fleet_dispatch_tick target=- reason=ok
2026-05-16T11:06:02 ALLOW actor=leader action=delegate_task target=task-0 Parts->Assembly -> W1 reason=ok
2026-05-16T11:06:02 ALLOW actor=leader action=delegate_task target=task-1 Assembly->QA -> W4 reason=ok
2026-05-16T11:06:02 ALLOW actor=leader action=delegate_task target=task-2 QA->Shipping -> W2 reason=ok
2026-05-16T11:06:02 ALLOW actor=leader action=delegate_task target=task-3 Shipping->Parts -> W3 reason=ok
2026-05-16T11:06:02 ALLOW actor=leader action=fleet_dispatch_tick target=- reason=ok
2026-05-16T11:06:02 ALLOW actor=leader action=delegate_task target=task-0 Parts->Assembly -> W1 reason=ok
2026-05-16T11:06:02 ALLOW actor=leader action=delegate_task target=task-1 Parts->Assembly -> W4 reason=ok
2026-05-16T11:06:02 ALLOW actor=leader action=delegate_task target=task-2 Parts->Assembly -> W2 reason=ok
2026-05-16T11:06:02 ALLOW actor=leader action=delegate_task target=task-3 Parts->Assembly -> W3 reason=ok
2026-05-16T11:06:03 ALLOW actor=leader action=fleet_dispatch_tick target=- reason=ok
2026-05-16T11:06:03 ALLOW actor=leader action=delegate_task target=task-0 Parts->Assembly -> W1 reason=ok
2026-05-16T11:06:03 ALLOW actor=leader action=delegate_task target=task-1 Assembly->QA -> W4 reason=ok
2026-05-16T11:06:03 ALLOW actor=leader action=delegate_task target=task-2 QA->Shipping -> W3 reason=ok
2026-05-16T11:06:03 ALLOW actor=leader action=delegate_task target=task-3 Shipping->Parts -> W2 reason=ok
2026-05-16T11:06:03 ALLOW actor=leader action=fleet_dispatch_tick target=- reason=ok
2026-05-16T11:06:03 ALLOW actor=leader action=delegate_task target=task-4 Parts->Assembly -> W1 reason=ok
2026-05-16T11:06:03 ALLOW actor=leader action=fleet_dispatch_tick target=- reason=ok
2026-05-16T11:06:03 ALLOW actor=leader action=delegate_task target=task-5 Assembly->QA -> W4 reason=ok
2026-05-16T11:06:03 ALLOW actor=leader action=fleet_dispatch_tick target=- reason=ok
2026-05-16T11:06:03 ALLOW actor=leader action=delegate_task target=task-6 QA->Shipping -> W2 reason=ok
2026-05-16T11:06:03 ALLOW actor=leader action=fleet_dispatch_tick target=- reason=ok
2026-05-16T11:06:03 ALLOW actor=leader action=delegate_task target=task-7 Shipping->Parts -> W3 reason=ok
2026-05-16T11:06:03 ALLOW actor=leader action=fleet_dispatch_tick target=- reason=ok
2026-05-16T11:06:03 ALLOW actor=leader action=delegate_task target=task-8 Parts->Assembly -> W3 reason=ok
2026-05-16T11:06:03 ALLOW actor=leader action=fleet_dispatch_tick target=- reason=ok
2026-05-16T11:06:03 ALLOW actor=leader action=delegate_task target=task-9 Assembly->QA -> W1 reason=ok
2026-05-16T11:06:03 ALLOW actor=leader action=fleet_dispatch_tick target=- reason=ok
2026-05-16T11:06:03 ALLOW actor=leader action=delegate_task target=task-10 QA->Shipping -> W4 reason=ok
2026-05-16T11:06:03 ALLOW actor=leader action=fleet_dispatch_tick target=- reason=ok
2026-05-16T11:06:03 ALLOW actor=leader action=delegate_task target=task-11 Shipping->Parts -> W3 reason=ok
2026-05-16T11:06:03 ALLOW actor=leader action=fleet_dispatch_tick target=- reason=ok
2026-05-16T11:06:03 ALLOW actor=leader action=delegate_task target=task-0 Parts->Assembly -> W1 reason=ok
2026-05-16T11:06:03 ALLOW actor=leader action=delegate_task target=task-1 Assembly->QA -> W4 reason=ok
2026-05-16T11:06:03 ALLOW actor=leader action=delegate_task target=task-2 QA->Shipping -> W3 reason=ok
2026-05-16T11:06:03 ALLOW actor=leader action=delegate_task target=task-3 Shipping->Parts -> W2 reason=ok
2026-05-16T11:06:03 ALLOW actor=leader action=fleet_dispatch_tick target=- reason=ok
2026-05-16T11:06:03 ALLOW actor=leader action=delegate_task target=task-4 Parts->Assembly -> W1 reason=ok
2026-05-16T11:06:03 ALLOW actor=leader action=fleet_dispatch_tick target=- reason=ok
2026-05-16T11:06:03 ALLOW actor=leader action=delegate_task target=task-5 Assembly->QA -> W4 reason=ok
2026-05-16T11:06:03 ALLOW actor=leader action=fleet_dispatch_tick target=- reason=ok
2026-05-16T11:06:03 ALLOW actor=leader action=delegate_task target=task-0 Parts->Assembly -> W1 reason=ok
2026-05-16T11:06:03 ALLOW actor=leader action=delegate_task target=task-1 Assembly->QA -> W4 reason=ok
2026-05-16T11:06:03 ALLOW actor=leader action=delegate_task target=task-2 QA->Shipping -> W2 reason=ok
2026-05-16T11:06:03 ALLOW actor=leader action=delegate_task target=task-3 Shipping->Parts -> W3 reason=ok
2026-05-16T11:06:05 ALLOW actor=leader action=delegate_task target=- reason=ok
2026-05-16T11:06:05 DENY  actor=leader action=exec_shell target=- reason=action 'exec_shell' explicitly denied for 'leader'
2026-05-16T11:06:05 DENY  actor=worker action=delegate_task target=- reason=action 'delegate_task' explicitly denied for 'worker'
2026-05-16T11:06:05 ALLOW actor=system action=net_connect target=127.0.0.1:8000 reason=host '127.0.0.1:8000' in network allow
2026-05-16T11:06:05 ALLOW actor=system action=net_connect target=localhost:8001 reason=host 'localhost:8001' in network allow
2026-05-16T11:06:05 DENY  actor=system action=net_connect target=build.nvidia.com:443 reason=host 'build.nvidia.com:443' blocked by deny list
2026-05-16T11:06:05 ALLOW actor=leader action=fleet_dispatch_tick target=- reason=ok
2026-05-16T11:06:05 ALLOW actor=leader action=delegate_task target=task-0 Parts->Assembly -> W1 reason=ok
2026-05-16T11:06:05 ALLOW actor=leader action=delegate_task target=task-1 Assembly->QA -> W4 reason=ok
2026-05-16T11:06:05 ALLOW actor=leader action=delegate_task target=task-2 QA->Shipping -> W3 reason=ok
2026-05-16T11:06:05 ALLOW actor=leader action=delegate_task target=task-3 Shipping->Parts -> W2 reason=ok
2026-05-16T11:06:05 ALLOW actor=leader action=fleet_dispatch_tick target=- reason=ok
2026-05-16T11:06:05 ALLOW actor=leader action=delegate_task target=task-0 Parts->Assembly -> W1 reason=ok
2026-05-16T11:06:05 ALLOW actor=leader action=delegate_task target=task-1 Parts->Assembly -> W2 reason=ok
2026-05-16T11:06:05 ALLOW actor=leader action=delegate_task target=task-2 Parts->Assembly -> W4 reason=ok
2026-05-16T11:06:05 ALLOW actor=leader action=delegate_task target=task-3 Parts->Assembly -> W3 reason=ok
2026-05-16T11:06:06 ALLOW actor=leader action=fleet_dispatch_tick target=- reason=ok
2026-05-16T11:06:06 ALLOW actor=leader action=delegate_task target=task-0 Parts->Assembly -> W1 reason=ok
2026-05-16T11:06:06 ALLOW actor=leader action=delegate_task target=task-1 Assembly->QA -> W4 reason=ok
2026-05-16T11:06:06 ALLOW actor=leader action=delegate_task target=task-2 QA->Shipping -> W2 reason=ok
2026-05-16T11:06:06 ALLOW actor=leader action=delegate_task target=task-3 Shipping->Parts -> W3 reason=ok
2026-05-16T11:06:06 ALLOW actor=leader action=fleet_dispatch_tick target=- reason=ok
2026-05-16T11:06:06 ALLOW actor=leader action=delegate_task target=task-4 Parts->Assembly -> W1 reason=ok
2026-05-16T11:06:06 ALLOW actor=leader action=fleet_dispatch_tick target=- reason=ok
2026-05-16T11:06:06 ALLOW actor=leader action=delegate_task target=task-5 Assembly->QA -> W4 reason=ok
2026-05-16T11:06:06 ALLOW actor=leader action=fleet_dispatch_tick target=- reason=ok
2026-05-16T11:06:06 ALLOW actor=leader action=delegate_task target=task-6 QA->Shipping -> W3 reason=ok
2026-05-16T11:06:06 ALLOW actor=leader action=fleet_dispatch_tick target=- reason=ok
2026-05-16T11:06:06 ALLOW actor=leader action=delegate_task target=task-7 Shipping->Parts -> W2 reason=ok
2026-05-16T11:06:06 ALLOW actor=leader action=fleet_dispatch_tick target=- reason=ok
2026-05-16T11:06:06 ALLOW actor=leader action=delegate_task target=task-8 Parts->Assembly -> W2 reason=ok
2026-05-16T11:06:06 ALLOW actor=leader action=fleet_dispatch_tick target=- reason=ok
2026-05-16T11:06:06 ALLOW actor=leader action=delegate_task target=task-9 Assembly->QA -> W1 reason=ok
2026-05-16T11:06:06 ALLOW actor=leader action=fleet_dispatch_tick target=- reason=ok
2026-05-16T11:06:06 ALLOW actor=leader action=delegate_task target=task-10 QA->Shipping -> W4 reason=ok
2026-05-16T11:06:06 ALLOW actor=leader action=fleet_dispatch_tick target=- reason=ok
2026-05-16T11:06:06 ALLOW actor=leader action=delegate_task target=task-11 Shipping->Parts -> W2 reason=ok
2026-05-16T11:06:06 ALLOW actor=leader action=fleet_dispatch_tick target=- reason=ok
2026-05-16T11:06:06 ALLOW actor=leader action=delegate_task target=task-0 Parts->Assembly -> W1 reason=ok
2026-05-16T11:06:06 ALLOW actor=leader action=delegate_task target=task-1 Assembly->QA -> W4 reason=ok
2026-05-16T11:06:06 ALLOW actor=leader action=delegate_task target=task-2 QA->Shipping -> W3 reason=ok
2026-05-16T11:06:06 ALLOW actor=leader action=delegate_task target=task-3 Shipping->Parts -> W2 reason=ok
2026-05-16T11:06:06 ALLOW actor=leader action=fleet_dispatch_tick target=- reason=ok
2026-05-16T11:06:06 ALLOW actor=leader action=delegate_task target=task-4 Parts->Assembly -> W1 reason=ok
2026-05-16T11:06:06 ALLOW actor=leader action=fleet_dispatch_tick target=- reason=ok
2026-05-16T11:06:06 ALLOW actor=leader action=delegate_task target=task-5 Assembly->QA -> W4 reason=ok
2026-05-16T11:06:06 ALLOW actor=leader action=fleet_dispatch_tick target=- reason=ok
2026-05-16T11:06:06 ALLOW actor=leader action=delegate_task target=task-0 Parts->Assembly -> W1 reason=ok
2026-05-16T11:06:06 ALLOW actor=leader action=delegate_task target=task-1 Assembly->QA -> W4 reason=ok
2026-05-16T11:06:06 ALLOW actor=leader action=delegate_task target=task-2 QA->Shipping -> W2 reason=ok
2026-05-16T11:06:06 ALLOW actor=leader action=delegate_task target=task-3 Shipping->Parts -> W3 reason=ok
2026-05-16T12:13:24 ALLOW actor=leader action=fleet_dispatch_tick target=- reason=ok
2026-05-16T12:13:24 ALLOW actor=leader action=delegate_task target=task-0 Parts->Assembly -> W1 reason=ok
2026-05-16T12:13:24 ALLOW actor=leader action=delegate_task target=task-1 Assembly->QA -> W3 reason=ok
2026-05-16T12:13:24 ALLOW actor=leader action=delegate_task target=task-2 QA->Shipping -> W2 reason=ok
2026-05-16T12:13:24 ALLOW actor=leader action=delegate_task target=task-3 Shipping->Parts -> W4 reason=ok
2026-05-16T12:13:24 ALLOW actor=leader action=fleet_dispatch_tick target=- reason=ok
2026-05-16T12:13:24 ALLOW actor=leader action=delegate_task target=task-4 Parts->Assembly -> W1 reason=ok
2026-05-16T12:13:24 ALLOW actor=leader action=fleet_dispatch_tick target=- reason=ok
2026-05-16T12:13:24 ALLOW actor=leader action=delegate_task target=task-5 Assembly->QA -> W4 reason=ok
2026-05-16T12:13:24 ALLOW actor=leader action=fleet_dispatch_tick target=- reason=ok
2026-05-16T12:13:24 ALLOW actor=leader action=delegate_task target=task-6 QA->Shipping -> W3 reason=ok
2026-05-16T12:13:24 ALLOW actor=leader action=fleet_dispatch_tick target=- reason=ok
2026-05-16T12:13:24 ALLOW actor=leader action=delegate_task target=task-7 Shipping->Parts -> W2 reason=ok
2026-05-16T12:13:24 ALLOW actor=leader action=fleet_dispatch_tick target=- reason=ok
2026-05-16T12:13:24 ALLOW actor=leader action=delegate_task target=task-8 Parts->Assembly -> W3 reason=ok
2026-05-16T12:13:24 ALLOW actor=leader action=fleet_dispatch_tick target=- reason=ok
2026-05-16T12:13:24 ALLOW actor=leader action=delegate_task target=task-9 Assembly->QA -> W2 reason=ok
2026-05-16T12:13:24 ALLOW actor=leader action=fleet_dispatch_tick target=- reason=ok
2026-05-16T12:13:24 ALLOW actor=leader action=delegate_task target=task-10 QA->Shipping -> W3 reason=ok
2026-05-16T12:13:24 ALLOW actor=leader action=fleet_dispatch_tick target=- reason=ok
2026-05-16T12:13:24 ALLOW actor=leader action=delegate_task target=task-11 Shipping->Parts -> W3 reason=ok
2026-05-16T12:13:39 ALLOW actor=leader action=fleet_dispatch_tick target=- reason=ok
2026-05-16T12:13:39 ALLOW actor=leader action=delegate_task target=task-0 Parts->Assembly -> W1 reason=ok
2026-05-16T12:13:39 ALLOW actor=leader action=delegate_task target=task-1 Assembly->QA -> W3 reason=ok
2026-05-16T12:13:39 ALLOW actor=leader action=delegate_task target=task-2 QA->Shipping -> W2 reason=ok
2026-05-16T12:13:39 ALLOW actor=leader action=delegate_task target=task-3 Shipping->Parts -> W4 reason=ok
2026-05-16T12:13:39 ALLOW actor=leader action=fleet_dispatch_tick target=- reason=ok
2026-05-16T12:13:39 ALLOW actor=leader action=delegate_task target=task-4 Parts->Assembly -> W1 reason=ok
2026-05-16T12:13:39 ALLOW actor=leader action=fleet_dispatch_tick target=- reason=ok
2026-05-16T12:13:39 ALLOW actor=leader action=delegate_task target=task-5 Assembly->QA -> W4 reason=ok
2026-05-16T12:13:39 ALLOW actor=leader action=fleet_dispatch_tick target=- reason=ok
2026-05-16T12:13:39 ALLOW actor=leader action=delegate_task target=task-6 QA->Shipping -> W3 reason=ok
2026-05-16T12:13:39 ALLOW actor=leader action=fleet_dispatch_tick target=- reason=ok
2026-05-16T12:13:39 ALLOW actor=leader action=delegate_task target=task-7 Shipping->Parts -> W2 reason=ok
2026-05-16T12:13:39 ALLOW actor=leader action=fleet_dispatch_tick target=- reason=ok
2026-05-16T12:13:39 ALLOW actor=leader action=delegate_task target=task-8 Parts->Assembly -> W3 reason=ok
2026-05-16T12:13:39 ALLOW actor=leader action=fleet_dispatch_tick target=- reason=ok
2026-05-16T12:13:39 ALLOW actor=leader action=delegate_task target=task-9 Assembly->QA -> W2 reason=ok
2026-05-16T12:13:39 ALLOW actor=leader action=fleet_dispatch_tick target=- reason=ok
2026-05-16T12:13:39 ALLOW actor=leader action=delegate_task target=task-10 QA->Shipping -> W3 reason=ok
2026-05-16T12:13:39 ALLOW actor=leader action=fleet_dispatch_tick target=- reason=ok
2026-05-16T12:13:39 ALLOW actor=leader action=delegate_task target=task-11 Shipping->Parts -> W3 reason=ok
2026-05-16T12:13:47 ALLOW actor=leader action=fleet_dispatch_tick target=- reason=ok
2026-05-16T12:13:47 ALLOW actor=leader action=delegate_task target=task-0 Parts->Assembly -> W1 reason=ok
2026-05-16T12:13:47 ALLOW actor=leader action=delegate_task target=task-1 Assembly->QA -> W3 reason=ok
2026-05-16T12:13:47 ALLOW actor=leader action=delegate_task target=task-2 QA->Shipping -> W2 reason=ok
2026-05-16T12:13:47 ALLOW actor=leader action=delegate_task target=task-3 Shipping->Parts -> W4 reason=ok
2026-05-16T12:13:47 ALLOW actor=leader action=fleet_dispatch_tick target=- reason=ok
2026-05-16T12:13:47 ALLOW actor=leader action=delegate_task target=task-4 Parts->Assembly -> W1 reason=ok
2026-05-16T12:13:47 ALLOW actor=leader action=fleet_dispatch_tick target=- reason=ok
2026-05-16T12:13:47 ALLOW actor=leader action=delegate_task target=task-5 Assembly->QA -> W4 reason=ok
2026-05-16T12:13:47 ALLOW actor=leader action=fleet_dispatch_tick target=- reason=ok
2026-05-16T12:13:47 ALLOW actor=leader action=delegate_task target=task-6 QA->Shipping -> W3 reason=ok
2026-05-16T12:13:47 ALLOW actor=leader action=fleet_dispatch_tick target=- reason=ok
2026-05-16T12:13:47 ALLOW actor=leader action=delegate_task target=task-7 Shipping->Parts -> W2 reason=ok
2026-05-16T12:13:47 ALLOW actor=leader action=fleet_dispatch_tick target=- reason=ok
2026-05-16T12:13:47 ALLOW actor=leader action=delegate_task target=task-8 Parts->Assembly -> W3 reason=ok
2026-05-16T12:13:47 ALLOW actor=leader action=fleet_dispatch_tick target=- reason=ok
2026-05-16T12:13:47 ALLOW actor=leader action=delegate_task target=task-9 Assembly->QA -> W2 reason=ok
2026-05-16T12:13:47 ALLOW actor=leader action=fleet_dispatch_tick target=- reason=ok
2026-05-16T12:13:47 ALLOW actor=leader action=delegate_task target=task-10 QA->Shipping -> W3 reason=ok
2026-05-16T12:13:47 ALLOW actor=leader action=fleet_dispatch_tick target=- reason=ok
2026-05-16T12:13:47 ALLOW actor=leader action=delegate_task target=task-11 Shipping->Parts -> W3 reason=ok
2026-05-16T12:14:10 ALLOW actor=leader action=fleet_dispatch_tick target=- reason=ok
2026-05-16T12:14:10 ALLOW actor=leader action=delegate_task target=task-0 Parts->Assembly -> W1 reason=ok
2026-05-16T12:14:10 ALLOW actor=leader action=delegate_task target=task-1 Assembly->QA -> W3 reason=ok
2026-05-16T12:14:10 ALLOW actor=leader action=delegate_task target=task-2 QA->Shipping -> W2 reason=ok
2026-05-16T12:14:10 ALLOW actor=leader action=delegate_task target=task-3 Shipping->Parts -> W4 reason=ok
2026-05-16T12:14:10 ALLOW actor=leader action=fleet_dispatch_tick target=- reason=ok
2026-05-16T12:14:10 ALLOW actor=leader action=delegate_task target=task-4 Parts->Assembly -> W1 reason=ok
2026-05-16T12:14:10 ALLOW actor=leader action=fleet_dispatch_tick target=- reason=ok
2026-05-16T12:14:10 ALLOW actor=leader action=delegate_task target=task-5 Assembly->QA -> W4 reason=ok
2026-05-16T12:14:10 ALLOW actor=leader action=fleet_dispatch_tick target=- reason=ok
2026-05-16T12:14:10 ALLOW actor=leader action=delegate_task target=task-6 QA->Shipping -> W3 reason=ok
2026-05-16T12:14:10 ALLOW actor=leader action=fleet_dispatch_tick target=- reason=ok
2026-05-16T12:14:10 ALLOW actor=leader action=delegate_task target=task-7 Shipping->Parts -> W2 reason=ok
2026-05-16T12:14:10 ALLOW actor=leader action=fleet_dispatch_tick target=- reason=ok
2026-05-16T12:14:10 ALLOW actor=leader action=delegate_task target=task-8 Parts->Assembly -> W3 reason=ok
2026-05-16T12:14:10 ALLOW actor=leader action=fleet_dispatch_tick target=- reason=ok
2026-05-16T12:14:10 ALLOW actor=leader action=delegate_task target=task-9 Assembly->QA -> W2 reason=ok
2026-05-16T12:14:10 ALLOW actor=leader action=fleet_dispatch_tick target=- reason=ok
2026-05-16T12:14:10 ALLOW actor=leader action=delegate_task target=task-10 QA->Shipping -> W3 reason=ok
2026-05-16T12:14:10 ALLOW actor=leader action=fleet_dispatch_tick target=- reason=ok
2026-05-16T12:14:10 ALLOW actor=leader action=delegate_task target=task-11 Shipping->Parts -> W3 reason=ok
2026-05-16T12:14:16 ALLOW actor=leader action=fleet_dispatch_tick target=- reason=ok
2026-05-16T12:14:16 ALLOW actor=leader action=delegate_task target=task-0 Parts->Assembly -> W1 reason=ok
2026-05-16T12:14:16 ALLOW actor=leader action=delegate_task target=task-1 Assembly->QA -> W3 reason=ok
2026-05-16T12:14:16 ALLOW actor=leader action=delegate_task target=task-2 QA->Shipping -> W2 reason=ok
2026-05-16T12:14:16 ALLOW actor=leader action=delegate_task target=task-3 Shipping->Parts -> W4 reason=ok
2026-05-16T12:14:16 ALLOW actor=leader action=fleet_dispatch_tick target=- reason=ok
2026-05-16T12:14:16 ALLOW actor=leader action=delegate_task target=task-4 Parts->Assembly -> W1 reason=ok
2026-05-16T12:14:16 ALLOW actor=leader action=fleet_dispatch_tick target=- reason=ok
2026-05-16T12:14:16 ALLOW actor=leader action=delegate_task target=task-5 Assembly->QA -> W4 reason=ok
2026-05-16T12:14:16 ALLOW actor=leader action=fleet_dispatch_tick target=- reason=ok
2026-05-16T12:14:16 ALLOW actor=leader action=delegate_task target=task-6 QA->Shipping -> W3 reason=ok
2026-05-16T12:14:16 ALLOW actor=leader action=fleet_dispatch_tick target=- reason=ok
2026-05-16T12:14:16 ALLOW actor=leader action=delegate_task target=task-7 Shipping->Parts -> W2 reason=ok
2026-05-16T12:14:16 ALLOW actor=leader action=fleet_dispatch_tick target=- reason=ok
2026-05-16T12:14:16 ALLOW actor=leader action=delegate_task target=task-8 Parts->Assembly -> W3 reason=ok
2026-05-16T12:14:16 ALLOW actor=leader action=fleet_dispatch_tick target=- reason=ok
2026-05-16T12:14:16 ALLOW actor=leader action=delegate_task target=task-9 Assembly->QA -> W2 reason=ok
2026-05-16T12:14:16 ALLOW actor=leader action=fleet_dispatch_tick target=- reason=ok
2026-05-16T12:14:16 ALLOW actor=leader action=delegate_task target=task-10 QA->Shipping -> W3 reason=ok
2026-05-16T12:14:16 ALLOW actor=leader action=fleet_dispatch_tick target=- reason=ok
2026-05-16T12:14:16 ALLOW actor=leader action=delegate_task target=task-11 Shipping->Parts -> W3 reason=ok
2026-05-16T12:14:35 ALLOW actor=leader action=fleet_dispatch_tick target=- reason=ok
2026-05-16T12:14:35 ALLOW actor=leader action=delegate_task target=task-0 Parts->Assembly -> W1 reason=ok
2026-05-16T12:14:35 ALLOW actor=leader action=delegate_task target=task-1 Assembly->QA -> W3 reason=ok
2026-05-16T12:14:35 ALLOW actor=leader action=delegate_task target=task-2 QA->Shipping -> W2 reason=ok
2026-05-16T12:14:35 ALLOW actor=leader action=delegate_task target=task-3 Shipping->Parts -> W4 reason=ok
2026-05-16T12:14:35 ALLOW actor=leader action=fleet_dispatch_tick target=- reason=ok
2026-05-16T12:14:35 ALLOW actor=leader action=delegate_task target=task-4 Parts->Assembly -> W1 reason=ok
2026-05-16T12:14:35 ALLOW actor=leader action=fleet_dispatch_tick target=- reason=ok
2026-05-16T12:14:35 ALLOW actor=leader action=delegate_task target=task-5 Assembly->QA -> W4 reason=ok
2026-05-16T12:14:35 ALLOW actor=leader action=fleet_dispatch_tick target=- reason=ok
2026-05-16T12:14:35 ALLOW actor=leader action=delegate_task target=task-6 QA->Shipping -> W3 reason=ok
2026-05-16T12:14:35 ALLOW actor=leader action=fleet_dispatch_tick target=- reason=ok
2026-05-16T12:14:35 ALLOW actor=leader action=delegate_task target=task-7 Shipping->Parts -> W2 reason=ok
2026-05-16T12:14:35 ALLOW actor=leader action=fleet_dispatch_tick target=- reason=ok
2026-05-16T12:14:35 ALLOW actor=leader action=delegate_task target=task-8 Parts->Assembly -> W3 reason=ok
2026-05-16T12:14:35 ALLOW actor=leader action=fleet_dispatch_tick target=- reason=ok
2026-05-16T12:14:35 ALLOW actor=leader action=delegate_task target=task-9 Assembly->QA -> W2 reason=ok
2026-05-16T12:14:35 ALLOW actor=leader action=fleet_dispatch_tick target=- reason=ok
2026-05-16T12:14:35 ALLOW actor=leader action=delegate_task target=task-10 QA->Shipping -> W3 reason=ok
2026-05-16T12:14:35 ALLOW actor=leader action=fleet_dispatch_tick target=- reason=ok
2026-05-16T12:14:35 ALLOW actor=leader action=delegate_task target=task-11 Shipping->Parts -> W3 reason=ok
2026-05-16T12:15:03 ALLOW actor=leader action=fleet_dispatch_tick target=- reason=ok
2026-05-16T12:15:03 ALLOW actor=leader action=delegate_task target=task-0 Parts->Assembly -> W1 reason=ok
2026-05-16T12:15:03 ALLOW actor=leader action=delegate_task target=task-1 Assembly->QA -> W3 reason=ok
2026-05-16T12:15:03 ALLOW actor=leader action=delegate_task target=task-2 QA->Shipping -> W2 reason=ok
2026-05-16T12:15:03 ALLOW actor=leader action=delegate_task target=task-3 Shipping->Parts -> W4 reason=ok
2026-05-16T12:15:03 ALLOW actor=leader action=fleet_dispatch_tick target=- reason=ok
2026-05-16T12:15:03 ALLOW actor=leader action=delegate_task target=task-4 Parts->Assembly -> W1 reason=ok
2026-05-16T12:15:03 ALLOW actor=leader action=fleet_dispatch_tick target=- reason=ok
2026-05-16T12:15:03 ALLOW actor=leader action=delegate_task target=task-5 Assembly->QA -> W4 reason=ok
2026-05-16T12:15:03 ALLOW actor=leader action=fleet_dispatch_tick target=- reason=ok
2026-05-16T12:15:03 ALLOW actor=leader action=delegate_task target=task-6 QA->Shipping -> W3 reason=ok
2026-05-16T12:15:03 ALLOW actor=leader action=fleet_dispatch_tick target=- reason=ok
2026-05-16T12:15:03 ALLOW actor=leader action=delegate_task target=task-7 Shipping->Parts -> W2 reason=ok
2026-05-16T12:15:03 ALLOW actor=leader action=fleet_dispatch_tick target=- reason=ok
2026-05-16T12:15:03 ALLOW actor=leader action=delegate_task target=task-8 Parts->Assembly -> W3 reason=ok
2026-05-16T12:15:03 ALLOW actor=leader action=fleet_dispatch_tick target=- reason=ok
2026-05-16T12:15:03 ALLOW actor=leader action=delegate_task target=task-9 Assembly->QA -> W1 reason=ok
2026-05-16T12:15:03 ALLOW actor=leader action=fleet_dispatch_tick target=- reason=ok
2026-05-16T12:15:03 ALLOW actor=leader action=delegate_task target=task-10 QA->Shipping -> W2 reason=ok
2026-05-16T12:15:03 ALLOW actor=leader action=fleet_dispatch_tick target=- reason=ok
2026-05-16T12:15:03 ALLOW actor=leader action=delegate_task target=task-11 Shipping->Parts -> W4 reason=ok
2026-05-16T12:15:13 ALLOW actor=leader action=delegate_task target=- reason=ok
2026-05-16T12:15:13 DENY  actor=leader action=exec_shell target=- reason=action 'exec_shell' explicitly denied for 'leader'
2026-05-16T12:15:13 DENY  actor=worker action=delegate_task target=- reason=action 'delegate_task' explicitly denied for 'worker'
2026-05-16T12:15:13 ALLOW actor=system action=net_connect target=127.0.0.1:8000 reason=host '127.0.0.1:8000' in network allow
2026-05-16T12:15:13 ALLOW actor=system action=net_connect target=localhost:8001 reason=host 'localhost:8001' in network allow
2026-05-16T12:15:13 DENY  actor=system action=net_connect target=build.nvidia.com:443 reason=host 'build.nvidia.com:443' blocked by deny list
2026-05-16T12:15:13 ALLOW actor=leader action=fleet_dispatch_tick target=- reason=ok
2026-05-16T12:15:13 ALLOW actor=leader action=delegate_task target=task-0 Parts->Assembly -> W1 reason=ok
2026-05-16T12:15:13 ALLOW actor=leader action=delegate_task target=task-1 Assembly->QA -> W3 reason=ok
2026-05-16T12:15:13 ALLOW actor=leader action=delegate_task target=task-2 QA->Shipping -> W2 reason=ok
2026-05-16T12:15:13 ALLOW actor=leader action=delegate_task target=task-3 Shipping->Parts -> W4 reason=ok
2026-05-16T12:15:13 ALLOW actor=leader action=fleet_dispatch_tick target=- reason=ok
2026-05-16T12:15:13 ALLOW actor=leader action=delegate_task target=task-0 Parts->Assembly -> W1 reason=ok
2026-05-16T12:15:13 ALLOW actor=leader action=delegate_task target=task-1 Parts->Assembly -> W3 reason=ok
2026-05-16T12:15:13 ALLOW actor=leader action=delegate_task target=task-2 Parts->Assembly -> W2 reason=ok
2026-05-16T12:15:13 ALLOW actor=leader action=delegate_task target=task-3 Parts->Assembly -> W4 reason=ok
2026-05-16T12:15:13 ALLOW actor=leader action=fleet_dispatch_tick target=- reason=ok
2026-05-16T12:15:13 ALLOW actor=leader action=delegate_task target=task-0 Parts->Assembly -> W1 reason=ok
2026-05-16T12:15:13 ALLOW actor=leader action=delegate_task target=task-1 Assembly->QA -> W3 reason=ok
2026-05-16T12:15:13 ALLOW actor=leader action=delegate_task target=task-2 QA->Shipping -> W2 reason=ok
2026-05-16T12:15:13 ALLOW actor=leader action=delegate_task target=task-3 Shipping->Parts -> W4 reason=ok
2026-05-16T12:15:13 ALLOW actor=leader action=fleet_dispatch_tick target=- reason=ok
2026-05-16T12:15:13 ALLOW actor=leader action=delegate_task target=task-4 Parts->Assembly -> W1 reason=ok
2026-05-16T12:15:13 ALLOW actor=leader action=fleet_dispatch_tick target=- reason=ok
2026-05-16T12:15:13 ALLOW actor=leader action=delegate_task target=task-5 Assembly->QA -> W4 reason=ok
2026-05-16T12:15:13 ALLOW actor=leader action=fleet_dispatch_tick target=- reason=ok
2026-05-16T12:15:13 ALLOW actor=leader action=delegate_task target=task-6 QA->Shipping -> W3 reason=ok
2026-05-16T12:15:13 ALLOW actor=leader action=fleet_dispatch_tick target=- reason=ok
2026-05-16T12:15:13 ALLOW actor=leader action=delegate_task target=task-7 Shipping->Parts -> W2 reason=ok
2026-05-16T12:15:13 ALLOW actor=leader action=fleet_dispatch_tick target=- reason=ok
2026-05-16T12:15:13 ALLOW actor=leader action=delegate_task target=task-8 Parts->Assembly -> W3 reason=ok
2026-05-16T12:15:13 ALLOW actor=leader action=fleet_dispatch_tick target=- reason=ok
2026-05-16T12:15:13 ALLOW actor=leader action=delegate_task target=task-9 Assembly->QA -> W1 reason=ok
2026-05-16T12:15:13 ALLOW actor=leader action=fleet_dispatch_tick target=- reason=ok
2026-05-16T12:15:13 ALLOW actor=leader action=delegate_task target=task-10 QA->Shipping -> W2 reason=ok
2026-05-16T12:15:13 ALLOW actor=leader action=fleet_dispatch_tick target=- reason=ok
2026-05-16T12:15:13 ALLOW actor=leader action=delegate_task target=task-11 Shipping->Parts -> W4 reason=ok
2026-05-16T12:15:13 ALLOW actor=leader action=fleet_dispatch_tick target=- reason=ok
2026-05-16T12:15:13 ALLOW actor=leader action=delegate_task target=task-0 Parts->Assembly -> W1 reason=ok
2026-05-16T12:15:13 ALLOW actor=leader action=delegate_task target=task-1 Assembly->QA -> W3 reason=ok
2026-05-16T12:15:13 ALLOW actor=leader action=delegate_task target=task-2 QA->Shipping -> W2 reason=ok
2026-05-16T12:15:13 ALLOW actor=leader action=delegate_task target=task-3 Shipping->Parts -> W4 reason=ok
2026-05-16T12:15:13 ALLOW actor=leader action=fleet_dispatch_tick target=- reason=ok
2026-05-16T12:15:13 ALLOW actor=leader action=delegate_task target=task-4 Parts->Assembly -> W1 reason=ok
2026-05-16T12:15:13 ALLOW actor=leader action=fleet_dispatch_tick target=- reason=ok
2026-05-16T12:15:13 ALLOW actor=leader action=delegate_task target=task-5 Assembly->QA -> W4 reason=ok
2026-05-16T12:15:13 ALLOW actor=leader action=fleet_dispatch_tick target=- reason=ok
2026-05-16T12:15:13 ALLOW actor=leader action=delegate_task target=task-0 Parts->Assembly -> W1 reason=ok
2026-05-16T12:15:13 ALLOW actor=leader action=delegate_task target=task-1 Assembly->QA -> W3 reason=ok
2026-05-16T12:15:13 ALLOW actor=leader action=delegate_task target=task-2 QA->Shipping -> W2 reason=ok
2026-05-16T12:15:13 ALLOW actor=leader action=delegate_task target=task-3 Shipping->Parts -> W4 reason=ok
2026-05-16T12:15:17 ALLOW actor=leader action=fleet_dispatch_tick target=- reason=ok
2026-05-16T12:15:17 ALLOW actor=leader action=delegate_task target=task-0 Parts->Assembly -> W1 reason=ok
2026-05-16T12:15:17 ALLOW actor=leader action=delegate_task target=task-1 Assembly->QA -> W3 reason=ok
2026-05-16T12:15:17 ALLOW actor=leader action=delegate_task target=task-2 QA->Shipping -> W2 reason=ok
2026-05-16T12:15:17 ALLOW actor=leader action=delegate_task target=task-3 Shipping->Parts -> W4 reason=ok
2026-05-16T12:15:35 ALLOW actor=leader action=delegate_task target=- reason=ok
2026-05-16T12:15:35 DENY  actor=leader action=exec_shell target=- reason=action 'exec_shell' explicitly denied for 'leader'
2026-05-16T12:15:35 DENY  actor=worker action=delegate_task target=- reason=action 'delegate_task' explicitly denied for 'worker'
2026-05-16T12:15:35 ALLOW actor=system action=net_connect target=127.0.0.1:8000 reason=host '127.0.0.1:8000' in network allow
2026-05-16T12:15:35 ALLOW actor=system action=net_connect target=localhost:8001 reason=host 'localhost:8001' in network allow
2026-05-16T12:15:35 DENY  actor=system action=net_connect target=build.nvidia.com:443 reason=host 'build.nvidia.com:443' blocked by deny list
2026-05-16T12:15:35 ALLOW actor=leader action=fleet_dispatch_tick target=- reason=ok
2026-05-16T12:15:35 ALLOW actor=leader action=delegate_task target=task-0 Parts->Assembly -> W1 reason=ok
2026-05-16T12:15:35 ALLOW actor=leader action=delegate_task target=task-1 Assembly->QA -> W3 reason=ok
2026-05-16T12:15:35 ALLOW actor=leader action=delegate_task target=task-2 QA->Shipping -> W2 reason=ok
2026-05-16T12:15:35 ALLOW actor=leader action=delegate_task target=task-3 Shipping->Parts -> W4 reason=ok
2026-05-16T12:15:35 ALLOW actor=leader action=fleet_dispatch_tick target=- reason=ok
2026-05-16T12:15:35 ALLOW actor=leader action=delegate_task target=task-0 Parts->Assembly -> W1 reason=ok
2026-05-16T12:15:35 ALLOW actor=leader action=delegate_task target=task-1 Parts->Assembly -> W3 reason=ok
2026-05-16T12:15:35 ALLOW actor=leader action=delegate_task target=task-2 Parts->Assembly -> W2 reason=ok
2026-05-16T12:15:35 ALLOW actor=leader action=delegate_task target=task-3 Parts->Assembly -> W4 reason=ok
2026-05-16T12:15:35 ALLOW actor=leader action=fleet_dispatch_tick target=- reason=ok
2026-05-16T12:15:35 ALLOW actor=leader action=delegate_task target=task-0 Parts->Assembly -> W1 reason=ok
2026-05-16T12:15:35 ALLOW actor=leader action=delegate_task target=task-1 Assembly->QA -> W3 reason=ok
2026-05-16T12:15:35 ALLOW actor=leader action=delegate_task target=task-2 QA->Shipping -> W2 reason=ok
2026-05-16T12:15:35 ALLOW actor=leader action=delegate_task target=task-3 Shipping->Parts -> W4 reason=ok
2026-05-16T12:15:35 ALLOW actor=leader action=fleet_dispatch_tick target=- reason=ok
2026-05-16T12:15:35 ALLOW actor=leader action=delegate_task target=task-4 Parts->Assembly -> W1 reason=ok
2026-05-16T12:15:35 ALLOW actor=leader action=fleet_dispatch_tick target=- reason=ok
2026-05-16T12:15:35 ALLOW actor=leader action=delegate_task target=task-5 Assembly->QA -> W4 reason=ok
2026-05-16T12:15:35 ALLOW actor=leader action=fleet_dispatch_tick target=- reason=ok
2026-05-16T12:15:35 ALLOW actor=leader action=delegate_task target=task-6 QA->Shipping -> W3 reason=ok
2026-05-16T12:15:35 ALLOW actor=leader action=fleet_dispatch_tick target=- reason=ok
2026-05-16T12:15:35 ALLOW actor=leader action=delegate_task target=task-7 Shipping->Parts -> W2 reason=ok
2026-05-16T12:15:35 ALLOW actor=leader action=fleet_dispatch_tick target=- reason=ok
2026-05-16T12:15:35 ALLOW actor=leader action=delegate_task target=task-8 Parts->Assembly -> W3 reason=ok
2026-05-16T12:15:35 ALLOW actor=leader action=fleet_dispatch_tick target=- reason=ok
2026-05-16T12:15:35 ALLOW actor=leader action=delegate_task target=task-9 Assembly->QA -> W1 reason=ok
2026-05-16T12:15:35 ALLOW actor=leader action=fleet_dispatch_tick target=- reason=ok
2026-05-16T12:15:35 ALLOW actor=leader action=delegate_task target=task-10 QA->Shipping -> W2 reason=ok
2026-05-16T12:15:35 ALLOW actor=leader action=fleet_dispatch_tick target=- reason=ok
2026-05-16T12:15:35 ALLOW actor=leader action=delegate_task target=task-11 Shipping->Parts -> W4 reason=ok
2026-05-16T12:15:35 ALLOW actor=leader action=fleet_dispatch_tick target=- reason=ok
2026-05-16T12:15:35 ALLOW actor=leader action=delegate_task target=task-0 Parts->Assembly -> W1 reason=ok
2026-05-16T12:15:35 ALLOW actor=leader action=delegate_task target=task-1 Assembly->QA -> W3 reason=ok
2026-05-16T12:15:35 ALLOW actor=leader action=delegate_task target=task-2 QA->Shipping -> W2 reason=ok
2026-05-16T12:15:35 ALLOW actor=leader action=delegate_task target=task-3 Shipping->Parts -> W4 reason=ok
2026-05-16T12:15:35 ALLOW actor=leader action=fleet_dispatch_tick target=- reason=ok
2026-05-16T12:15:35 ALLOW actor=leader action=delegate_task target=task-4 Parts->Assembly -> W1 reason=ok
2026-05-16T12:15:35 ALLOW actor=leader action=fleet_dispatch_tick target=- reason=ok
2026-05-16T12:15:35 ALLOW actor=leader action=delegate_task target=task-5 Assembly->QA -> W4 reason=ok
2026-05-16T12:15:35 ALLOW actor=leader action=fleet_dispatch_tick target=- reason=ok
2026-05-16T12:15:35 ALLOW actor=leader action=delegate_task target=task-0 Parts->Assembly -> W1 reason=ok
2026-05-16T12:15:35 ALLOW actor=leader action=delegate_task target=task-1 Assembly->QA -> W3 reason=ok
2026-05-16T12:15:35 ALLOW actor=leader action=delegate_task target=task-2 QA->Shipping -> W2 reason=ok
2026-05-16T12:15:35 ALLOW actor=leader action=delegate_task target=task-3 Shipping->Parts -> W4 reason=ok
2026-05-16T12:24:13 ALLOW actor=leader action=delegate_task target=- reason=ok
2026-05-16T12:24:13 DENY  actor=leader action=exec_shell target=- reason=action 'exec_shell' explicitly denied for 'leader'
2026-05-16T12:24:13 DENY  actor=worker action=delegate_task target=- reason=action 'delegate_task' explicitly denied for 'worker'
2026-05-16T12:24:13 ALLOW actor=system action=net_connect target=127.0.0.1:8000 reason=host '127.0.0.1:8000' in network allow
2026-05-16T12:24:13 ALLOW actor=system action=net_connect target=localhost:8001 reason=host 'localhost:8001' in network allow
2026-05-16T12:24:13 DENY  actor=system action=net_connect target=build.nvidia.com:443 reason=host 'build.nvidia.com:443' blocked by deny list
2026-05-16T12:24:13 ALLOW actor=leader action=fleet_dispatch_tick target=- reason=ok
2026-05-16T12:24:13 ALLOW actor=leader action=delegate_task target=task-0 Parts->Assembly -> W1 reason=ok
2026-05-16T12:24:13 ALLOW actor=leader action=delegate_task target=task-1 Assembly->QA -> W2 reason=ok
2026-05-16T12:24:13 ALLOW actor=leader action=delegate_task target=task-2 QA->Shipping -> W4 reason=ok
2026-05-16T12:24:13 ALLOW actor=leader action=delegate_task target=task-3 Shipping->Parts -> W3 reason=ok
2026-05-16T12:24:13 ALLOW actor=leader action=fleet_dispatch_tick target=- reason=ok
2026-05-16T12:24:13 ALLOW actor=leader action=delegate_task target=task-0 Parts->Assembly -> W1 reason=ok
2026-05-16T12:24:13 ALLOW actor=leader action=delegate_task target=task-1 Parts->Assembly -> W3 reason=ok
2026-05-16T12:24:13 ALLOW actor=leader action=delegate_task target=task-2 Parts->Assembly -> W2 reason=ok
2026-05-16T12:24:13 ALLOW actor=leader action=delegate_task target=task-3 Parts->Assembly -> W4 reason=ok
2026-05-16T12:24:13 ALLOW actor=leader action=fleet_dispatch_tick target=- reason=ok
2026-05-16T12:24:13 ALLOW actor=leader action=delegate_task target=task-0 Parts->Assembly -> W1 reason=ok
2026-05-16T12:24:13 ALLOW actor=leader action=delegate_task target=task-1 Assembly->QA -> W2 reason=ok
2026-05-16T12:24:13 ALLOW actor=leader action=delegate_task target=task-2 QA->Shipping -> W4 reason=ok
2026-05-16T12:24:13 ALLOW actor=leader action=delegate_task target=task-3 Shipping->Parts -> W3 reason=ok
2026-05-16T12:24:13 ALLOW actor=leader action=fleet_dispatch_tick target=- reason=ok
2026-05-16T12:24:13 ALLOW actor=leader action=delegate_task target=task-4 Parts->Assembly -> W1 reason=ok
2026-05-16T12:24:13 ALLOW actor=leader action=fleet_dispatch_tick target=- reason=ok
2026-05-16T12:24:13 ALLOW actor=leader action=delegate_task target=task-5 Assembly->QA -> W2 reason=ok
2026-05-16T12:24:13 ALLOW actor=leader action=fleet_dispatch_tick target=- reason=ok
2026-05-16T12:24:13 ALLOW actor=leader action=delegate_task target=task-6 QA->Shipping -> W3 reason=ok
2026-05-16T12:24:13 ALLOW actor=leader action=fleet_dispatch_tick target=- reason=ok
2026-05-16T12:24:13 ALLOW actor=leader action=delegate_task target=task-7 Shipping->Parts -> W4 reason=ok
2026-05-16T12:24:13 ALLOW actor=leader action=fleet_dispatch_tick target=- reason=ok
2026-05-16T12:24:13 ALLOW actor=leader action=delegate_task target=task-8 Parts->Assembly -> W1 reason=ok
2026-05-16T12:24:13 ALLOW actor=leader action=fleet_dispatch_tick target=- reason=ok
2026-05-16T12:24:13 ALLOW actor=leader action=delegate_task target=task-9 Assembly->QA -> W4 reason=ok
2026-05-16T12:24:13 ALLOW actor=leader action=fleet_dispatch_tick target=- reason=ok
2026-05-16T12:24:13 ALLOW actor=leader action=delegate_task target=task-10 QA->Shipping -> W2 reason=ok
2026-05-16T12:24:13 ALLOW actor=leader action=fleet_dispatch_tick target=- reason=ok
2026-05-16T12:24:13 ALLOW actor=leader action=delegate_task target=task-11 Shipping->Parts -> W3 reason=ok
2026-05-16T12:24:13 ALLOW actor=leader action=fleet_dispatch_tick target=- reason=ok
2026-05-16T12:24:13 ALLOW actor=leader action=delegate_task target=task-0 Parts->Assembly -> W1 reason=ok
2026-05-16T12:24:13 ALLOW actor=leader action=delegate_task target=task-1 Assembly->QA -> W2 reason=ok
2026-05-16T12:24:13 ALLOW actor=leader action=delegate_task target=task-2 QA->Shipping -> W4 reason=ok
2026-05-16T12:24:13 ALLOW actor=leader action=delegate_task target=task-3 Shipping->Parts -> W3 reason=ok
2026-05-16T12:24:13 ALLOW actor=leader action=fleet_dispatch_tick target=- reason=ok
2026-05-16T12:24:13 ALLOW actor=leader action=delegate_task target=task-4 Parts->Assembly -> W1 reason=ok
2026-05-16T12:24:13 ALLOW actor=leader action=fleet_dispatch_tick target=- reason=ok
2026-05-16T12:24:13 ALLOW actor=leader action=delegate_task target=task-5 Assembly->QA -> W2 reason=ok
2026-05-16T12:24:13 ALLOW actor=leader action=fleet_dispatch_tick target=- reason=ok
2026-05-16T12:24:13 ALLOW actor=leader action=delegate_task target=task-0 Parts->Assembly -> W1 reason=ok
2026-05-16T12:24:13 ALLOW actor=leader action=delegate_task target=task-1 Assembly->QA -> W2 reason=ok
2026-05-16T12:24:13 ALLOW actor=leader action=delegate_task target=task-2 QA->Shipping -> W4 reason=ok
2026-05-16T12:24:13 ALLOW actor=leader action=delegate_task target=task-3 Shipping->Parts -> W3 reason=ok
2026-05-16T12:33:41 ALLOW actor=leader action=delegate_task target=- reason=ok
2026-05-16T12:33:41 DENY  actor=leader action=exec_shell target=- reason=action 'exec_shell' explicitly denied for 'leader'
2026-05-16T12:33:41 DENY  actor=worker action=delegate_task target=- reason=action 'delegate_task' explicitly denied for 'worker'
2026-05-16T12:33:41 ALLOW actor=system action=net_connect target=127.0.0.1:8000 reason=host '127.0.0.1:8000' in network allow
2026-05-16T12:33:41 ALLOW actor=system action=net_connect target=localhost:8001 reason=host 'localhost:8001' in network allow
2026-05-16T12:33:41 DENY  actor=system action=net_connect target=build.nvidia.com:443 reason=host 'build.nvidia.com:443' blocked by deny list
2026-05-16T12:33:41 ALLOW actor=leader action=fleet_dispatch_tick target=- reason=ok
2026-05-16T12:33:41 ALLOW actor=leader action=delegate_task target=task-0 Parts->Assembly -> W1 reason=ok
2026-05-16T12:33:41 ALLOW actor=leader action=delegate_task target=task-1 Assembly->QA -> W2 reason=ok
2026-05-16T12:33:41 ALLOW actor=leader action=delegate_task target=task-2 QA->Shipping -> W4 reason=ok
2026-05-16T12:33:41 ALLOW actor=leader action=delegate_task target=task-3 Shipping->Parts -> W3 reason=ok
2026-05-16T12:33:41 ALLOW actor=leader action=fleet_dispatch_tick target=- reason=ok
2026-05-16T12:33:41 ALLOW actor=leader action=delegate_task target=task-0 Parts->Assembly -> W1 reason=ok
2026-05-16T12:33:41 ALLOW actor=leader action=delegate_task target=task-1 Parts->Assembly -> W3 reason=ok
2026-05-16T12:33:41 ALLOW actor=leader action=delegate_task target=task-2 Parts->Assembly -> W2 reason=ok
2026-05-16T12:33:41 ALLOW actor=leader action=delegate_task target=task-3 Parts->Assembly -> W4 reason=ok
2026-05-16T12:33:41 ALLOW actor=leader action=fleet_dispatch_tick target=- reason=ok
2026-05-16T12:33:41 ALLOW actor=leader action=delegate_task target=task-0 Parts->Assembly -> W1 reason=ok
2026-05-16T12:33:41 ALLOW actor=leader action=delegate_task target=task-1 Assembly->QA -> W2 reason=ok
2026-05-16T12:33:41 ALLOW actor=leader action=delegate_task target=task-2 QA->Shipping -> W4 reason=ok
2026-05-16T12:33:41 ALLOW actor=leader action=delegate_task target=task-3 Shipping->Parts -> W3 reason=ok
2026-05-16T12:33:41 ALLOW actor=leader action=fleet_dispatch_tick target=- reason=ok
2026-05-16T12:33:41 ALLOW actor=leader action=delegate_task target=task-4 Parts->Assembly -> W1 reason=ok
2026-05-16T12:33:41 ALLOW actor=leader action=fleet_dispatch_tick target=- reason=ok
2026-05-16T12:33:41 ALLOW actor=leader action=delegate_task target=task-5 Assembly->QA -> W2 reason=ok
2026-05-16T12:33:41 ALLOW actor=leader action=fleet_dispatch_tick target=- reason=ok
2026-05-16T12:33:41 ALLOW actor=leader action=delegate_task target=task-6 QA->Shipping -> W3 reason=ok
2026-05-16T12:33:41 ALLOW actor=leader action=fleet_dispatch_tick target=- reason=ok
2026-05-16T12:33:41 ALLOW actor=leader action=delegate_task target=task-7 Shipping->Parts -> W4 reason=ok
2026-05-16T12:33:41 ALLOW actor=leader action=fleet_dispatch_tick target=- reason=ok
2026-05-16T12:33:41 ALLOW actor=leader action=delegate_task target=task-8 Parts->Assembly -> W1 reason=ok
2026-05-16T12:33:41 ALLOW actor=leader action=fleet_dispatch_tick target=- reason=ok
2026-05-16T12:33:41 ALLOW actor=leader action=delegate_task target=task-9 Assembly->QA -> W4 reason=ok
2026-05-16T12:33:41 ALLOW actor=leader action=fleet_dispatch_tick target=- reason=ok
2026-05-16T12:33:41 ALLOW actor=leader action=delegate_task target=task-10 QA->Shipping -> W2 reason=ok
2026-05-16T12:33:41 ALLOW actor=leader action=fleet_dispatch_tick target=- reason=ok
2026-05-16T12:33:41 ALLOW actor=leader action=delegate_task target=task-11 Shipping->Parts -> W2 reason=ok
2026-05-16T12:33:41 ALLOW actor=leader action=fleet_dispatch_tick target=- reason=ok
2026-05-16T12:33:41 ALLOW actor=leader action=delegate_task target=task-0 Parts->Assembly -> W1 reason=ok
2026-05-16T12:33:41 ALLOW actor=leader action=delegate_task target=task-1 Assembly->QA -> W2 reason=ok
2026-05-16T12:33:41 ALLOW actor=leader action=delegate_task target=task-2 QA->Shipping -> W4 reason=ok
2026-05-16T12:33:41 ALLOW actor=leader action=delegate_task target=task-3 Shipping->Parts -> W3 reason=ok
2026-05-16T12:33:41 ALLOW actor=leader action=fleet_dispatch_tick target=- reason=ok
2026-05-16T12:33:41 ALLOW actor=leader action=delegate_task target=task-4 Parts->Assembly -> W1 reason=ok
2026-05-16T12:33:41 ALLOW actor=leader action=fleet_dispatch_tick target=- reason=ok
2026-05-16T12:33:41 ALLOW actor=leader action=delegate_task target=task-5 Assembly->QA -> W2 reason=ok
2026-05-16T12:33:41 ALLOW actor=leader action=fleet_dispatch_tick target=- reason=ok
2026-05-16T12:33:41 ALLOW actor=leader action=delegate_task target=task-0 Parts->Assembly -> W1 reason=ok
2026-05-16T12:33:41 ALLOW actor=leader action=delegate_task target=task-1 Assembly->QA -> W2 reason=ok
2026-05-16T12:33:41 ALLOW actor=leader action=delegate_task target=task-2 QA->Shipping -> W4 reason=ok
2026-05-16T12:33:41 ALLOW actor=leader action=delegate_task target=task-3 Shipping->Parts -> W3 reason=ok
2026-05-16T12:38:49 ALLOW actor=leader action=delegate_task target=- reason=ok
2026-05-16T12:38:49 DENY  actor=leader action=exec_shell target=- reason=action 'exec_shell' explicitly denied for 'leader'
2026-05-16T12:38:49 DENY  actor=worker action=delegate_task target=- reason=action 'delegate_task' explicitly denied for 'worker'
2026-05-16T12:38:49 ALLOW actor=system action=net_connect target=127.0.0.1:8000 reason=host '127.0.0.1:8000' in network allow
2026-05-16T12:38:49 ALLOW actor=system action=net_connect target=localhost:8001 reason=host 'localhost:8001' in network allow
2026-05-16T12:38:49 DENY  actor=system action=net_connect target=build.nvidia.com:443 reason=host 'build.nvidia.com:443' blocked by deny list
2026-05-16T12:38:49 ALLOW actor=leader action=fleet_dispatch_tick target=- reason=ok
2026-05-16T12:38:49 ALLOW actor=leader action=delegate_task target=task-0 Parts->Assembly -> W1 reason=ok
2026-05-16T12:38:49 ALLOW actor=leader action=delegate_task target=task-1 Assembly->QA -> W2 reason=ok
2026-05-16T12:38:49 ALLOW actor=leader action=delegate_task target=task-2 QA->Shipping -> W4 reason=ok
2026-05-16T12:38:49 ALLOW actor=leader action=delegate_task target=task-3 Shipping->Parts -> W3 reason=ok
2026-05-16T12:38:49 ALLOW actor=leader action=fleet_dispatch_tick target=- reason=ok
2026-05-16T12:38:49 ALLOW actor=leader action=delegate_task target=task-0 Parts->Assembly -> W1 reason=ok
2026-05-16T12:38:49 ALLOW actor=leader action=delegate_task target=task-1 Parts->Assembly -> W2 reason=ok
2026-05-16T12:38:49 ALLOW actor=leader action=delegate_task target=task-2 Parts->Assembly -> W3 reason=ok
2026-05-16T12:38:49 ALLOW actor=leader action=delegate_task target=task-3 Parts->Assembly -> W4 reason=ok
2026-05-16T12:38:49 ALLOW actor=leader action=fleet_dispatch_tick target=- reason=ok
2026-05-16T12:38:49 ALLOW actor=leader action=delegate_task target=task-0 Parts->Assembly -> W1 reason=ok
2026-05-16T12:38:49 ALLOW actor=leader action=delegate_task target=task-1 Assembly->QA -> W2 reason=ok
2026-05-16T12:38:49 ALLOW actor=leader action=delegate_task target=task-2 QA->Shipping -> W4 reason=ok
2026-05-16T12:38:49 ALLOW actor=leader action=delegate_task target=task-3 Shipping->Parts -> W3 reason=ok
2026-05-16T12:38:49 ALLOW actor=leader action=fleet_dispatch_tick target=- reason=ok
2026-05-16T12:38:49 ALLOW actor=leader action=delegate_task target=task-4 Parts->Assembly -> W1 reason=ok
2026-05-16T12:38:49 ALLOW actor=leader action=fleet_dispatch_tick target=- reason=ok
2026-05-16T12:38:49 ALLOW actor=leader action=delegate_task target=task-5 Assembly->QA -> W2 reason=ok
2026-05-16T12:38:49 ALLOW actor=leader action=fleet_dispatch_tick target=- reason=ok
2026-05-16T12:38:49 ALLOW actor=leader action=delegate_task target=task-6 QA->Shipping -> W3 reason=ok
2026-05-16T12:38:49 ALLOW actor=leader action=fleet_dispatch_tick target=- reason=ok
2026-05-16T12:38:49 ALLOW actor=leader action=delegate_task target=task-7 Shipping->Parts -> W4 reason=ok
2026-05-16T12:38:49 ALLOW actor=leader action=fleet_dispatch_tick target=- reason=ok
2026-05-16T12:38:49 ALLOW actor=leader action=delegate_task target=task-8 Parts->Assembly -> W1 reason=ok
2026-05-16T12:38:49 ALLOW actor=leader action=fleet_dispatch_tick target=- reason=ok
2026-05-16T12:38:49 ALLOW actor=leader action=delegate_task target=task-9 Assembly->QA -> W4 reason=ok
2026-05-16T12:38:49 ALLOW actor=leader action=fleet_dispatch_tick target=- reason=ok
2026-05-16T12:38:49 ALLOW actor=leader action=delegate_task target=task-10 QA->Shipping -> W2 reason=ok
2026-05-16T12:38:49 ALLOW actor=leader action=fleet_dispatch_tick target=- reason=ok
2026-05-16T12:38:49 ALLOW actor=leader action=delegate_task target=task-11 Shipping->Parts -> W2 reason=ok
2026-05-16T12:38:49 ALLOW actor=leader action=fleet_dispatch_tick target=- reason=ok
2026-05-16T12:38:49 ALLOW actor=leader action=delegate_task target=task-0 Parts->Assembly -> W1 reason=ok
2026-05-16T12:38:49 ALLOW actor=leader action=delegate_task target=task-1 Assembly->QA -> W2 reason=ok
2026-05-16T12:38:49 ALLOW actor=leader action=delegate_task target=task-2 QA->Shipping -> W4 reason=ok
2026-05-16T12:38:49 ALLOW actor=leader action=delegate_task target=task-3 Shipping->Parts -> W3 reason=ok
2026-05-16T12:38:49 ALLOW actor=leader action=fleet_dispatch_tick target=- reason=ok
2026-05-16T12:38:49 ALLOW actor=leader action=delegate_task target=task-4 Parts->Assembly -> W1 reason=ok
2026-05-16T12:38:49 ALLOW actor=leader action=fleet_dispatch_tick target=- reason=ok
2026-05-16T12:38:49 ALLOW actor=leader action=delegate_task target=task-5 Assembly->QA -> W2 reason=ok
2026-05-16T12:38:49 ALLOW actor=leader action=fleet_dispatch_tick target=- reason=ok
2026-05-16T12:38:49 ALLOW actor=leader action=delegate_task target=task-0 Parts->Assembly -> W1 reason=ok
2026-05-16T12:38:49 ALLOW actor=leader action=delegate_task target=task-1 Assembly->QA -> W2 reason=ok
2026-05-16T12:38:49 ALLOW actor=leader action=delegate_task target=task-2 QA->Shipping -> W4 reason=ok
2026-05-16T12:38:49 ALLOW actor=leader action=delegate_task target=task-3 Shipping->Parts -> W3 reason=ok
2026-05-16T12:42:45 ALLOW actor=leader action=delegate_task target=- reason=ok
2026-05-16T12:42:45 DENY  actor=leader action=exec_shell target=- reason=action 'exec_shell' explicitly denied for 'leader'
2026-05-16T12:42:45 DENY  actor=worker action=delegate_task target=- reason=action 'delegate_task' explicitly denied for 'worker'
2026-05-16T12:42:45 ALLOW actor=system action=net_connect target=127.0.0.1:8000 reason=host '127.0.0.1:8000' in network allow
2026-05-16T12:42:45 ALLOW actor=system action=net_connect target=localhost:8001 reason=host 'localhost:8001' in network allow
2026-05-16T12:42:45 DENY  actor=system action=net_connect target=build.nvidia.com:443 reason=host 'build.nvidia.com:443' blocked by deny list
2026-05-16T12:42:45 ALLOW actor=leader action=fleet_dispatch_tick target=- reason=ok
2026-05-16T12:42:45 ALLOW actor=leader action=delegate_task target=task-0 Cargo->Assembly -> W3 reason=ok
2026-05-16T12:42:45 ALLOW actor=leader action=delegate_task target=task-1 Cargo->QA -> W4 reason=ok
2026-05-16T12:42:45 ALLOW actor=leader action=delegate_task target=task-2 Cargo->Shipping -> W1 reason=ok
2026-05-16T12:42:45 ALLOW actor=leader action=delegate_task target=task-3 Cargo->Parts -> W2 reason=ok
2026-05-16T12:42:45 ALLOW actor=leader action=fleet_dispatch_tick target=- reason=ok
2026-05-16T12:42:45 ALLOW actor=leader action=delegate_task target=task-0 Parts->Assembly -> W1 reason=ok
2026-05-16T12:42:45 ALLOW actor=leader action=delegate_task target=task-1 Parts->Assembly -> W3 reason=ok
2026-05-16T12:42:45 ALLOW actor=leader action=delegate_task target=task-2 Parts->Assembly -> W4 reason=ok
2026-05-16T12:42:45 ALLOW actor=leader action=delegate_task target=task-3 Parts->Assembly -> W2 reason=ok
2026-05-16T12:42:45 ALLOW actor=leader action=fleet_dispatch_tick target=- reason=ok
2026-05-16T12:42:45 ALLOW actor=leader action=delegate_task target=task-0 Cargo->Assembly -> W3 reason=ok
2026-05-16T12:42:45 ALLOW actor=leader action=delegate_task target=task-1 Cargo->QA -> W4 reason=ok
2026-05-16T12:42:45 ALLOW actor=leader action=delegate_task target=task-2 Cargo->Shipping -> W1 reason=ok
2026-05-16T12:42:45 ALLOW actor=leader action=delegate_task target=task-3 Cargo->Parts -> W2 reason=ok
2026-05-16T12:42:45 ALLOW actor=leader action=fleet_dispatch_tick target=- reason=ok
2026-05-16T12:42:45 ALLOW actor=leader action=delegate_task target=task-4 Cargo->Assembly -> W1 reason=ok
2026-05-16T12:42:45 ALLOW actor=leader action=fleet_dispatch_tick target=- reason=ok
2026-05-16T12:42:45 ALLOW actor=leader action=delegate_task target=task-5 Cargo->QA -> W4 reason=ok
2026-05-16T12:42:45 ALLOW actor=leader action=fleet_dispatch_tick target=- reason=ok
2026-05-16T12:42:45 ALLOW actor=leader action=delegate_task target=task-6 Cargo->Shipping -> W3 reason=ok
2026-05-16T12:42:45 ALLOW actor=leader action=fleet_dispatch_tick target=- reason=ok
2026-05-16T12:42:45 ALLOW actor=leader action=delegate_task target=task-7 Cargo->Parts -> W1 reason=ok
2026-05-16T12:42:45 ALLOW actor=leader action=fleet_dispatch_tick target=- reason=ok
2026-05-16T12:42:45 ALLOW actor=leader action=delegate_task target=task-8 Cargo->Assembly -> W2 reason=ok
2026-05-16T12:42:45 ALLOW actor=leader action=fleet_dispatch_tick target=- reason=ok
2026-05-16T12:42:45 ALLOW actor=leader action=delegate_task target=task-9 Cargo->QA -> W4 reason=ok
2026-05-16T12:42:45 ALLOW actor=leader action=fleet_dispatch_tick target=- reason=ok
2026-05-16T12:42:45 ALLOW actor=leader action=delegate_task target=task-10 Cargo->Shipping -> W1 reason=ok
2026-05-16T12:42:45 ALLOW actor=leader action=fleet_dispatch_tick target=- reason=ok
2026-05-16T12:42:45 ALLOW actor=leader action=delegate_task target=task-11 Cargo->Parts -> W3 reason=ok
2026-05-16T12:42:45 ALLOW actor=leader action=fleet_dispatch_tick target=- reason=ok
2026-05-16T12:42:45 ALLOW actor=leader action=delegate_task target=task-0 Cargo->Assembly -> W3 reason=ok
2026-05-16T12:42:45 ALLOW actor=leader action=delegate_task target=task-1 Cargo->QA -> W4 reason=ok
2026-05-16T12:42:45 ALLOW actor=leader action=delegate_task target=task-2 Cargo->Shipping -> W1 reason=ok
2026-05-16T12:42:45 ALLOW actor=leader action=delegate_task target=task-3 Cargo->Parts -> W2 reason=ok
2026-05-16T12:42:45 ALLOW actor=leader action=fleet_dispatch_tick target=- reason=ok
2026-05-16T12:42:45 ALLOW actor=leader action=delegate_task target=task-4 Cargo->Assembly -> W1 reason=ok
2026-05-16T12:42:45 ALLOW actor=leader action=fleet_dispatch_tick target=- reason=ok
2026-05-16T12:42:45 ALLOW actor=leader action=delegate_task target=task-5 Cargo->QA -> W4 reason=ok
2026-05-16T12:42:45 ALLOW actor=leader action=fleet_dispatch_tick target=- reason=ok
2026-05-16T12:42:45 ALLOW actor=leader action=delegate_task target=task-0 Cargo->Assembly -> W3 reason=ok
2026-05-16T12:42:45 ALLOW actor=leader action=delegate_task target=task-1 Cargo->QA -> W4 reason=ok
2026-05-16T12:42:45 ALLOW actor=leader action=delegate_task target=task-2 Cargo->Shipping -> W1 reason=ok
2026-05-16T12:42:45 ALLOW actor=leader action=delegate_task target=task-3 Cargo->Parts -> W2 reason=ok
